
ASEM-51 V1.3                                         Copyright (c) 2002 by W.W. Heinz                                         PAGE 1





       MCS-51 Family Macro Assembler   A S E M - 5 1   V 1.3
       =====================================================



	Source File:	pratica3_4.asm
	Object File:	pratica3_4.hex
	List File:	pratica3_4.lst



 Line  I  Addr  Code            Source

    1:				; Praticas 3 e 4: Contador de segundos e de pulsos
    2:				; Programador: Francisco Edno
    3:				;
    4:				; A partir de uma chave alavanca o contexto de execucao do microcontrolador
    5:				; e selecionado. No contexto 0, e realizada a contagem de segundos. No contexto
    6:				; 1 uma contagem de pulsos. Para cada contexto e utilizado um banco de
    7:				; registradores diferentes, de modo que o estado do contexto anterior
    8:				; seja salvo na memoria. A ideia de mudanca de contexto foi obtida a partir
    9:				; do livro do Scott Mackenzie. O objetivo desse projeto e puramente
   10:				; educacional.
   11:
   12:				; Push button: p2.0, Shift Register: p2.1, p2.2 e p2.3, chave de contexto: p2.4
   13:				;
   14:				; ----------------------------------------------------------
   15:				; Mapa de registradores
   16:				; ----------------------------------------------------------
   17:				; R0: Contagem binaria
   18:				; R1: Parte decimal
   19:				; R2: Unidade
   20:				;
   21:				; Banco 0: Contador de segundos
   22:				; Banco 1: Contador de pulsos
   23:				; ----------------------------------------------------------
   24:
   25:
   26:				; **********************************************************
   27:				; Equates
   28:				; **********************************************************
   29:
   30:		B      00A0	BUTN		equ		p2.0

   31:
   32:		B      00A1	SHD			equ		p2.1				; Fluxo de dados no registra
				dor
   33:		B      00A2	SHCK		equ		p2.2				; Clock do registrador
   34:		B      00A3	SHLTCH		equ		p2.3				; Latch do registrador
   35:
   36:		B      00A4	CONTSW		equ		p2.4				; Chave seletora de contexto
   37:
   38:				; **********************************************************
   39:				; Configuracoes iniciais
   40:				; **********************************************************
   41:

ASEM-51 V1.3                                         Copyright (c) 2002 by W.W. Heinz                                         PAGE 2



 Line  I  Addr  Code            Source

   42:				; O 8052 divide os enderecos do SFRs com 128 bytes extras de memoria ram.
   43:				; Essa memoria extra so pode ser acessada por enderecamento indireto,
   44:				; por isso a pilha pode ser inicializada nessa regiao
   45:
   46:	  0000	75 81 7F				mov			sp, #7fh					; In
				icializa a pilha na regiao de memoria extra do 8052
   47:
   48:				; Inicializa os registradores r0, r1 e r2 dos bancos 0 e 1 com #0
   49:
   50:							; Banco 0
   51:	  0003	75 00 00				mov		00h, #0
   52:	  0006	75 01 00				mov		01h, #0
   53:	  0009	75 02 00				mov		02h, #0
   54:
   55:							; Banco 1
   56:	  000C	75 08 00				mov		08h, #0
   57:	  000F	75 09 00				mov		09h, #0
   58:	  0012	75 10 00				mov		10h, #0
   59:
   60:				; **********************************************************
   61:				; Main
   62:				; **********************************************************
   63:
   64:	  0015			Main:
   65:	  0015	20 A4 05				jb		CONTSW, Sec
   66:	  0018	11 21		Pulse:		acall	PulseCT
   67:	  001A	02 00 1F				jmp		Exit
   68:	  001D	11 2E		Sec:		acall	SecCT
   69:
   70:	  001F	01 15		Exit:		ajmp	Main
   71:
   72:				; **********************************************************
   73:				; Sub-Rotinas
   74:				; **********************************************************
   75:
   76:				; ----------------------------------------------------------
   77:				; PulseCT
   78:				; ----------------------------------------------------------
   79:				; Contexto de contagem de pulsos
   80:				; ----------------------------------------------------------
   81:	  0021			PulseCT:
   82:	  0021	D2 D3					setb	rs0					; Seleciona o registrador 1
   83:	  0023	C2 D4					clr		rs1
   84:
   85:							; Verifica se o b eh igual a 0
   86:							; Verifica se passou para 1
   87:							; Verifica se r0 = 99
   88:	  0025	11 36					acall	DcdCount
   89:	  0027	11 35					acall	Display
   90:
   91:	  0029	C2 D3					clr		rs0					; Volta para o regis
				trador 0
   92:	  002B	C2 D4					clr		rs1
   93:
   94:	  002D	22					ret
   95:

ASEM-51 V1.3                                         Copyright (c) 2002 by W.W. Heinz                                         PAGE 3



 Line  I  Addr  Code            Source

   96:				; ----------------------------------------------------------
   97:				; SecCT
   98:				; ----------------------------------------------------------
   99:				; Contexto de contagem de segundos
  100:				; ----------------------------------------------------------
  101:	  002E			SecCT:
  102:	  002E	11 35					acall	Display
  103:							; Fazer a verificacao se r0 = 59
  104:	  0030	11 36					acall	DcdCount
  105:	  0032	11 37					acall	Delay
  106:
  107:	  0034	22					ret
  108:
  109:				; ----------------------------------------------------------
  110:				; Display
  111:				; ----------------------------------------------------------
  112:				; Imprime os valores dos registradores r1 e r2 nos displays
  113:				; ----------------------------------------------------------
  114:	  0035			Display:
  115:	  0035	22					ret
  116:
  117:				; ----------------------------------------------------------
  118:				; DcdCount
  119:				; ----------------------------------------------------------
  120:				; Decodifica o valor do registrador r0 em BCD e joga os
  121:				; decimal e a unidade nos registradores r1 e r2
  122:				; ----------------------------------------------------------
  123:	  0036			DcdCount:
  124:	  0036	22					ret
  125:
  126:				; ----------------------------------------------------------
  127:				; Delay
  128:				; ----------------------------------------------------------
  129:				; Faz um delay de modo que a rotina de contagem de segundos
  130:				; Feche em aproximadamente 1 segundo
  131:				; ----------------------------------------------------------
  132:	  0037			Delay:
  133:	  0037	22					ret
  134:
  135:				; **********************************************************
  136:							end
  137:				; **********************************************************





                     register banks used:  ---

                     no errors




ASEM-51 V1.3                                         Copyright (c) 2002 by W.W. Heinz                                         PAGE 4





	       L I S T   O F   S Y M B O L S
	       =============================


SYMBOL				  TYPE     VALUE	LINE
------------------------------------------------------------
??ASEM_51			  NUMBER    8051
??VERSION			  NUMBER    0130
AC				  BIT	      D6
ACC				  DATA	      E0
B				  DATA	      F0
BUTN				  NUMBER    00A0	  30
CONTSW				  NUMBER    00A4	  36
CY				  BIT	      D7
DCDCOUNT			  CODE	    0036	 123
DELAY				  CODE	    0037	 132
DISPLAY				  CODE	    0035	 114
DPH				  DATA	      83
DPL				  DATA	      82
EA				  BIT	      AF
ES				  BIT	      AC
ET0				  BIT	      A9
ET1				  BIT	      AB
EX0				  BIT	      A8
EX1				  BIT	      AA
EXIT				  CODE	    001F	  70
EXTI0				  CODE	    0003
EXTI1				  CODE	    0013
F0				  BIT	      D5
IE				  DATA	      A8
IE0				  BIT	      89
IE1				  BIT	      8B
INT0				  BIT	      B2
INT1				  BIT	      B3
IP				  DATA	      B8
IT0				  BIT	      88
IT1				  BIT	      8A
MAIN				  CODE	    0015	  64
OV				  BIT	      D2
P				  BIT	      D0
P0				  DATA	      80
P1				  DATA	      90
P2				  DATA	      A0
P3				  DATA	      B0
PCON				  DATA	      87
PS				  BIT	      BC
PSW				  DATA	      D0
PT0				  BIT	      B9
PT1				  BIT	      BB
PULSE				  CODE	    0018	  66
PULSECT				  CODE	    0021	  81
PX0				  BIT	      B8
PX1				  BIT	      BA
RB8				  BIT	      9A
RD				  BIT	      B7
REN				  BIT	      9C

ASEM-51 V1.3                                         Copyright (c) 2002 by W.W. Heinz                                         PAGE 5



SYMBOL				  TYPE     VALUE	LINE
------------------------------------------------------------
RESET				  CODE	    0000
RI				  BIT	      98
RS0				  BIT	      D3
RS1				  BIT	      D4
RXD				  BIT	      B0
SBUF				  DATA	      99
SCON				  DATA	      98
SEC				  CODE	    001D	  68
SECCT				  CODE	    002E	 101
SHCK				  NUMBER    00A2	  33
SHD				  NUMBER    00A1	  32
SHLTCH				  NUMBER    00A3	  34
SINT				  CODE	    0023
SM0				  BIT	      9F
SM1				  BIT	      9E
SM2				  BIT	      9D
SP				  DATA	      81
T0				  BIT	      B4
T1				  BIT	      B5
TB8				  BIT	      9B
TCON				  DATA	      88
TF0				  BIT	      8D
TF1				  BIT	      8F
TH0				  DATA	      8C
TH1				  DATA	      8D
TI				  BIT	      99
TIMER0				  CODE	    000B
TIMER1				  CODE	    001B
TL0				  DATA	      8A
TL1				  DATA	      8B
TMOD				  DATA	      89
TR0				  BIT	      8C
TR1				  BIT	      8E
TXD				  BIT	      B1
WR				  BIT	      B6
